No module named 'lalsimulation'
lalsimulation is not installed. Some EOS based models will not work. Please use bilby eos or pass your own EOS generation class to the model
swifttools not available. You will not be able to download Swift afterglow data via API.
17:31 bilby INFO    : Running bilby version: 2.8.0
17:31 redback INFO    : Running redback version: 1.16.0
No module named 'lalsimulation'
lalsimulation is not installed. Some EOS based models will not work. Please use bilby eos or pass your own EOS generation class to the model
No module named 'lalsimulation'
lalsimulation is not installed. Some EOS based models will not work. Please use bilby eos or pass your own EOS generation class to the model
No module named 'lalsimulation'
lalsimulation is not installed. Some EOS based models will not work. Please use bilby eos or pass your own EOS generation class to the model
No module named 'lalsimulation'
lalsimulation is not installed. Some EOS based models will not work. Please use bilby eos or pass your own EOS generation class to the model
No module named 'lalsimulation'
lalsimulation is not installed. Some EOS based models will not work. Please use bilby eos or pass your own EOS generation class to the model
swifttools not available. You will not be able to download Swift afterglow data via API.
swifttools not available. You will not be able to download Swift afterglow data via API.
No module named 'lalsimulation'
lalsimulation is not installed. Some EOS based models will not work. Please use bilby eos or pass your own EOS generation class to the model
swifttools not available. You will not be able to download Swift afterglow data via API.
17:31 bilby INFO    : Running bilby version: 2.8.0
17:31 bilby INFO    : Running bilby version: 2.8.0
17:31 redback INFO    : Running redback version: 1.16.0
17:31 redback INFO    : Running redback version: 1.16.0
swifttools not available. You will not be able to download Swift afterglow data via API.
17:31 bilby INFO    : Running bilby version: 2.8.0
17:31 redback INFO    : Running redback version: 1.16.0
17:31 bilby INFO    : Running bilby version: 2.8.0
swifttools not available. You will not be able to download Swift afterglow data via API.
17:31 redback INFO    : Running redback version: 1.16.0
swifttools not available. You will not be able to download Swift afterglow data via API.
17:31 bilby INFO    : Running bilby version: 2.8.0
17:31 redback INFO    : Running redback version: 1.16.0
17:31 bilby INFO    : Running bilby version: 2.8.0
17:31 redback INFO    : Running redback version: 1.16.0
No module named 'lalsimulation'
lalsimulation is not installed. Some EOS based models will not work. Please use bilby eos or pass your own EOS generation class to the model
No module named 'lalsimulation'
lalsimulation is not installed. Some EOS based models will not work. Please use bilby eos or pass your own EOS generation class to the model
swifttools not available. You will not be able to download Swift afterglow data via API.
17:31 bilby INFO    : Running bilby version: 2.8.0
17:31 redback INFO    : Running redback version: 1.16.0
swifttools not available. You will not be able to download Swift afterglow data via API.
17:31 bilby INFO    : Running bilby version: 2.8.0
17:31 redback INFO    : Running redback version: 1.16.0
differential_evolution step 1: f(x)= 12328.07772026887
differential_evolution step 2: f(x)= 11453.608998639213
differential_evolution step 3: f(x)= 9166.641781142216
differential_evolution step 4: f(x)= 8913.692531552691
differential_evolution step 5: f(x)= 8913.692531552691
differential_evolution step 6: f(x)= 8913.692531552691
differential_evolution step 7: f(x)= 8913.692531552691
differential_evolution step 8: f(x)= 8913.692531552691
differential_evolution step 9: f(x)= 8913.692531552691
differential_evolution step 10: f(x)= 8913.692531552691
differential_evolution step 11: f(x)= 8857.381896998217
differential_evolution step 12: f(x)= 8857.381896998217
differential_evolution step 13: f(x)= 8857.381896998217
differential_evolution step 14: f(x)= 8857.381896998217
differential_evolution step 15: f(x)= 8857.381896998217
differential_evolution step 16: f(x)= 8857.381896998217
differential_evolution step 17: f(x)= 8857.381896998217
differential_evolution step 18: f(x)= 8857.381896998217
differential_evolution step 19: f(x)= 8857.381896998217
differential_evolution step 20: f(x)= 8815.815328458972
differential_evolution step 21: f(x)= 8815.815328458972
differential_evolution step 22: f(x)= 8801.732573742893
differential_evolution step 23: f(x)= 8801.732573742893
differential_evolution step 24: f(x)= 8801.732573742893
differential_evolution step 25: f(x)= 8801.732573742893
differential_evolution step 26: f(x)= 8801.732573742893
differential_evolution step 27: f(x)= 8801.732573742893
differential_evolution step 28: f(x)= 8801.732573742893
differential_evolution step 29: f(x)= 8801.732573742893
differential_evolution step 30: f(x)= 8801.732573742893
differential_evolution step 31: f(x)= 8748.484598640605
differential_evolution step 32: f(x)= 8748.484598640605
differential_evolution step 33: f(x)= 8748.484598640605
differential_evolution step 34: f(x)= 8748.484598640605
differential_evolution step 35: f(x)= 8748.484598640605
differential_evolution step 36: f(x)= 8748.484598640605
differential_evolution step 37: f(x)= 8748.484598640605
differential_evolution step 38: f(x)= 8748.484598640605
differential_evolution step 39: f(x)= 8748.484598640605
differential_evolution step 40: f(x)= 8748.484598640605
differential_evolution step 41: f(x)= 8745.064037549739
differential_evolution step 42: f(x)= 8745.064037549739
differential_evolution step 43: f(x)= 8745.064037549739
differential_evolution step 44: f(x)= 8745.064037549739
differential_evolution step 45: f(x)= 8745.064037549739
differential_evolution step 46: f(x)= 8745.064037549739
differential_evolution step 47: f(x)= 8745.064037549739
differential_evolution step 48: f(x)= 8745.064037549739
differential_evolution step 49: f(x)= 8745.064037549739
differential_evolution step 50: f(x)= 8745.064037549739
differential_evolution step 51: f(x)= 8745.064037549739
differential_evolution step 52: f(x)= 8745.064037549739
differential_evolution step 53: f(x)= 8745.064037549739
differential_evolution step 54: f(x)= 8745.064037549739
differential_evolution step 55: f(x)= 8745.064037549739
differential_evolution step 56: f(x)= 8745.064037549739
differential_evolution step 57: f(x)= 8745.064037549739
differential_evolution step 58: f(x)= 8745.064037549739
differential_evolution step 59: f(x)= 8745.064037549739
differential_evolution step 60: f(x)= 8745.064037549739
differential_evolution step 61: f(x)= 8745.064037549739
differential_evolution step 62: f(x)= 8745.064037549739
differential_evolution step 63: f(x)= 8745.064037549739
differential_evolution step 64: f(x)= 8745.064037549739
differential_evolution step 65: f(x)= 8745.064037549739
differential_evolution step 66: f(x)= 8745.064037549739
differential_evolution step 67: f(x)= 8745.064037549739
differential_evolution step 68: f(x)= 8745.064037549739
differential_evolution step 69: f(x)= 8745.064037549739
differential_evolution step 70: f(x)= 8745.064037549739
differential_evolution step 71: f(x)= 8745.064037549739
differential_evolution step 72: f(x)= 8745.064037549739
differential_evolution step 73: f(x)= 8745.064037549739
differential_evolution step 74: f(x)= 8744.418750802977
differential_evolution step 75: f(x)= 8744.418750802977
differential_evolution step 76: f(x)= 8743.375980091365
differential_evolution step 77: f(x)= 8743.375980091365
differential_evolution step 78: f(x)= 8741.629760727046
differential_evolution step 79: f(x)= 8741.629760727046
differential_evolution step 80: f(x)= 8741.629760727046
differential_evolution step 81: f(x)= 8741.629760727046
differential_evolution step 82: f(x)= 8741.629760727046
differential_evolution step 83: f(x)= 8741.629760727046
differential_evolution step 84: f(x)= 8741.629760727046
differential_evolution step 85: f(x)= 8741.629760727046
differential_evolution step 86: f(x)= 8741.629760727046
differential_evolution step 87: f(x)= 8741.629760727046
differential_evolution step 88: f(x)= 8741.629760727046
differential_evolution step 89: f(x)= 8741.629760727046
differential_evolution step 90: f(x)= 8741.629760727046
differential_evolution step 91: f(x)= 8741.629760727046
differential_evolution step 92: f(x)= 8741.629760727046
differential_evolution step 93: f(x)= 8741.629760727046
differential_evolution step 94: f(x)= 8741.629760727046
differential_evolution step 95: f(x)= 8741.629760727046
differential_evolution step 96: f(x)= 8741.629760727046
differential_evolution step 97: f(x)= 8741.629760727046
differential_evolution step 98: f(x)= 8741.629760727046
differential_evolution step 99: f(x)= 8741.629760727046
differential_evolution step 100: f(x)= 8741.629760727046
differential_evolution step 101: f(x)= 8741.629760727046
differential_evolution step 102: f(x)= 8741.629760727046
differential_evolution step 103: f(x)= 8741.629760727046
differential_evolution step 104: f(x)= 8741.629760727046
differential_evolution step 105: f(x)= 8741.629760727046
differential_evolution step 106: f(x)= 8741.564619611261
differential_evolution step 107: f(x)= 8741.564619611261
differential_evolution step 108: f(x)= 8741.564619611261
differential_evolution step 109: f(x)= 8741.564619611261
differential_evolution step 110: f(x)= 8741.564619611261
differential_evolution step 111: f(x)= 8741.564619611261
differential_evolution step 112: f(x)= 8741.564619611261
differential_evolution step 113: f(x)= 8741.564619611261
differential_evolution step 114: f(x)= 8741.564619611261
differential_evolution step 115: f(x)= 8741.564619611261
differential_evolution step 116: f(x)= 8741.564619611261
differential_evolution step 117: f(x)= 8741.564619611261
differential_evolution step 118: f(x)= 8741.564619611261
differential_evolution step 119: f(x)= 8741.288849410867
differential_evolution step 120: f(x)= 8741.288849410867
differential_evolution step 121: f(x)= 8741.288849410867
differential_evolution step 122: f(x)= 8741.288849410867
differential_evolution step 123: f(x)= 8741.288849410867
differential_evolution step 124: f(x)= 8741.288849410867
differential_evolution step 125: f(x)= 8741.288849410867
differential_evolution step 126: f(x)= 8741.288849410867
differential_evolution step 127: f(x)= 8741.288849410867
differential_evolution step 128: f(x)= 8741.288849410867
differential_evolution step 129: f(x)= 8741.288849410867
differential_evolution step 130: f(x)= 8741.288849410867
differential_evolution step 131: f(x)= 8741.288849410867
differential_evolution step 132: f(x)= 8741.288849410867
differential_evolution step 133: f(x)= 8741.288849410867
differential_evolution step 134: f(x)= 8740.989822260914
differential_evolution step 135: f(x)= 8740.989822260914
differential_evolution step 136: f(x)= 8740.989822260914
differential_evolution step 137: f(x)= 8740.989822260914
differential_evolution step 138: f(x)= 8740.989822260914
differential_evolution step 139: f(x)= 8740.989822260914
differential_evolution step 140: f(x)= 8740.989822260914
differential_evolution step 141: f(x)= 8740.989822260914
differential_evolution step 142: f(x)= 8740.989822260914
differential_evolution step 143: f(x)= 8740.989822260914
differential_evolution step 144: f(x)= 8740.989822260914
differential_evolution step 145: f(x)= 8740.989822260914
differential_evolution step 146: f(x)= 8740.989822260914
differential_evolution step 147: f(x)= 8740.989822260914
differential_evolution step 148: f(x)= 8740.989822260914
differential_evolution step 149: f(x)= 8740.989822260914
differential_evolution step 150: f(x)= 8740.989822260914
Polishing solution with 'L-BFGS-B'

Best chi2 = 8741.0, dof = 56, chi2/dof = 156.09
  log10(mdot)  = -7.8062
  delta        = 0.4452
  nn           = 296.5533
  eff          = 0.8559
  logepsb      = -1.2626
  logepse      = -0.4932
  p            = 1.2007
  mdot = 1.562e-08 Msun/yr
EXIT_CODE=0
